---
source: tests/test_rls_current_user.rs
expression: translated_sql
---
CREATE TABLE IF NOT EXISTS rls_audit (id INTEGER PRIMARY KEY AUTOINCREMENT, table_name TEXT NOT NULL, violation_type TEXT NOT NULL, row_identifier TEXT NOT NULL, policy_name TEXT, detected_at TEXT NOT NULL, severity TEXT NOT NULL, details TEXT, reported_at TEXT) STRICT
CREATE TABLE profiles_rls (id BLOB PRIMARY KEY DEFAULT (uuidv7()) NOT NULL, username TEXT NOT NULL UNIQUE, email TEXT NOT NULL, is_public INTEGER NOT NULL DEFAULT false) STRICT
CREATE VIEW profiles AS SELECT id, username, email, is_public FROM profiles_rls WHERE (username = current_app_username() OR is_public = true)
CREATE TRIGGER profiles_insert_trigger INSTEAD OF INSERT ON profiles FOR EACH ROW BEGIN INSERT INTO profiles_rls (id, username, email, is_public) VALUES (NEW.id, NEW.username, NEW.email, NEW.is_public); END
CREATE TRIGGER profiles_update_trigger INSTEAD OF UPDATE ON profiles FOR EACH ROW BEGIN UPDATE profiles_rls SET id = COALESCE(NEW.id, OLD.id), username = COALESCE(NEW.username, OLD.username), email = COALESCE(NEW.email, OLD.email), is_public = COALESCE(NEW.is_public, OLD.is_public) WHERE (id = OLD.id) AND ((OLD.username = current_app_username())); END
CREATE TRIGGER profiles_delete_trigger INSTEAD OF DELETE ON profiles FOR EACH ROW BEGIN DELETE FROM profiles_rls WHERE id = OLD.id; END
CREATE TRIGGER profiles_rls_rls_monitor_insert AFTER INSERT ON profiles_rls FOR EACH ROW BEGIN INSERT INTO rls_audit (table_name, violation_type, row_identifier, policy_name, detected_at, severity, details, reported_at) SELECT 'profiles', 'rls_policy_violation', 'id=' || quote(NEW.id), 'INSERT policy', datetime('now'), 'warning', 'Row inserted into backing table but not visible through RLS view', NULL WHERE NOT (EXISTS (SELECT 1 FROM profiles WHERE profiles.id = NEW.id)); END
CREATE TRIGGER profiles_rls_rls_monitor_update AFTER UPDATE ON profiles_rls FOR EACH ROW BEGIN INSERT INTO rls_audit (table_name, violation_type, row_identifier, policy_name, detected_at, severity, details, reported_at) SELECT 'profiles', 'rls_policy_violation', 'id=' || quote(NEW.id), 'UPDATE policy', datetime('now'), 'warning', 'Row updated in backing table but not visible through RLS view', NULL WHERE NOT (EXISTS (SELECT 1 FROM profiles WHERE profiles.id = NEW.id)); END
CREATE VIEW profiles_rls_violations AS SELECT id, username, email, is_public FROM profiles_rls WHERE NOT EXISTS (SELECT 1 FROM profiles WHERE profiles_rls.id = profiles.id)
