---
source: tests/test_rls_tenant_isolation.rs
assertion_line: 119
expression: translated_sql
---
CREATE TABLE tenants (id BLOB PRIMARY KEY DEFAULT (uuidv7()) NOT NULL, name TEXT NOT NULL) STRICT
CREATE TABLE tenant_users (id BLOB PRIMARY KEY DEFAULT (uuidv7()) NOT NULL, tenant_id BLOB NOT NULL REFERENCES tenants (id), user_id BLOB NOT NULL, role TEXT NOT NULL DEFAULT 'member') STRICT
CREATE TABLE projects_rls (id BLOB PRIMARY KEY DEFAULT (uuidv7()) NOT NULL, tenant_id BLOB NOT NULL REFERENCES tenants (id), name TEXT NOT NULL, created_by BLOB NOT NULL) STRICT
CREATE VIEW projects AS SELECT id, tenant_id, name, created_by FROM projects_rls WHERE (tenant_id IN (SELECT tu.tenant_id FROM tenant_users tu WHERE tu.user_id = current_app_user()))
CREATE TRIGGER projects_insert_trigger INSTEAD OF INSERT ON projects FOR EACH ROW BEGIN SELECT RAISE(ABORT, 'new row violates row-level security policy') WHERE NOT ((NEW.tenant_id IN (SELECT tu.tenant_id FROM tenant_users tu WHERE tu.user_id = current_app_user()) AND NEW.created_by = current_app_user())); INSERT INTO projects_rls (id, tenant_id, name, created_by) VALUES (NEW.id, NEW.tenant_id, NEW.name, NEW.created_by); END
CREATE TRIGGER projects_update_trigger INSTEAD OF UPDATE ON projects FOR EACH ROW BEGIN UPDATE projects_rls SET id = COALESCE(NEW.id, OLD.id), tenant_id = COALESCE(NEW.tenant_id, OLD.tenant_id), name = COALESCE(NEW.name, OLD.name), created_by = COALESCE(NEW.created_by, OLD.created_by) WHERE id = OLD.id; END
CREATE TRIGGER projects_delete_trigger INSTEAD OF DELETE ON projects FOR EACH ROW BEGIN DELETE FROM projects_rls WHERE (id = OLD.id) AND ((OLD.tenant_id IN (SELECT tu.tenant_id FROM tenant_users tu WHERE tu.user_id = current_app_user() AND tu.role = 'admin'))); END
